1778209431308	INIT_START Runtime Version: nodejs:20.v101	Runtime Version ARN: arn:aws:lambda:us-east-1::runtime:18671876e7cc385452255180c58ca50cf8763398a4248ae92ed14410d196b942

1778209431951	START RequestId: 0cffb0ba-5180-4330-a357-c7c4ca1d00b6 Version: $LATEST

1778209431953	2026-05-08T03:03:51.953Z	0cffb0ba-5180-4330-a357-c7c4ca1d00b6	INFO	parse-airbnb-email invoked {"recordCount":1}

1778209431962	2026-05-08T03:03:51.962Z	0cffb0ba-5180-4330-a357-c7c4ca1d00b6	INFO	Processing record {
  sesMessageId: 'riu041mo592jleot52bd10iebmu1t56laduetk01',
  bucketName: 'casa-coqui-inbound-email',
  objectKey: 'airbnb/riu041mo592jleot52bd10iebmu1t56laduetk01'
}

1778209432703	2026-05-08T03:03:52.703Z	0cffb0ba-5180-4330-a357-c7c4ca1d00b6	INFO	Email retrieved from S3 {
  sesMessageId: 'riu041mo592jleot52bd10iebmu1t56laduetk01',
  objectKey: 'airbnb/riu041mo592jleot52bd10iebmu1t56laduetk01',
  sizeBytes: 106303
}

1778209433384	2026-05-08T03:03:53.384Z	0cffb0ba-5180-4330-a357-c7c4ca1d00b6	INFO	Email parsed {
  subject: 'Software Engineer: Databricks and NVIDIA hired roles near you',
  fromAddress: 'messages-noreply@linkedin.com',
  fromName: 'LinkedIn',
  receivedAt: '2026-05-08T03:03:45.000Z',
  rfcMessageId: '<1045113733.6538204.1778209425744@lor1-app126343.prod.linkedin.com>',
  bodyLength: 6929
}

1778209439856	2026-05-08T03:03:59.856Z	0cffb0ba-5180-4330-a357-c7c4ca1d00b6	INFO	Non-Airbnb sender — quarantined { fromAddress: 'messages-noreply@linkedin.com' }

1778209439961	2026-05-08T03:03:59.961Z	0cffb0ba-5180-4330-a357-c7c4ca1d00b6	INFO	parse-airbnb-email complete { total: 1, processed: 0, quarantined: 1, skipped: 0, errors: 0 }

1778209439963	END RequestId: 0cffb0ba-5180-4330-a357-c7c4ca1d00b6

1778209439963	REPORT RequestId: 0cffb0ba-5180-4330-a357-c7c4ca1d00b6	Duration: 8011.95 ms	Billed Duration: 8652 ms	Memory Size: 256 MB	Max Memory Used: 130 MB	Init Duration: 639.38 ms	

1778210306001	INIT_START Runtime Version: nodejs:20.v101	Runtime Version ARN: arn:aws:lambda:us-east-1::runtime:18671876e7cc385452255180c58ca50cf8763398a4248ae92ed14410d196b942

1778210306652	START RequestId: c5f3585a-9e8e-4264-b672-130f84d07859 Version: $LATEST

1778210306654	2026-05-08T03:18:26.654Z	c5f3585a-9e8e-4264-b672-130f84d07859	INFO	parse-airbnb-email invoked {"recordCount":1}

1778210306657	2026-05-08T03:18:26.657Z	c5f3585a-9e8e-4264-b672-130f84d07859	INFO	Processing record {
  sesMessageId: '9iekram9e18jl8cvm3co2c59ilqdcn00s6pi27o1',
  bucketName: 'casa-coqui-inbound-email',
  objectKey: 'airbnb/9iekram9e18jl8cvm3co2c59ilqdcn00s6pi27o1'
}

1778210307454	2026-05-08T03:18:27.454Z	c5f3585a-9e8e-4264-b672-130f84d07859	INFO	Email retrieved from S3 {
  sesMessageId: '9iekram9e18jl8cvm3co2c59ilqdcn00s6pi27o1',
  objectKey: 'airbnb/9iekram9e18jl8cvm3co2c59ilqdcn00s6pi27o1',
  sizeBytes: 48707
}

1778210307897	2026-05-08T03:18:27.897Z	c5f3585a-9e8e-4264-b672-130f84d07859	INFO	Email parsed {
  subject: "What's next for context",
  fromAddress: 'jack@platform.mail.getzep.com',
  fromName: 'Jack from Zep',
  receivedAt: '2026-05-08T03:18:21.000Z',
  rfcMessageId: '<0100019e0597e7d4-34d497ec-3e53-4c68-94f7-67ac79ffc720-000000@email.amazonses.com>',
  bodyLength: 2038
}

1778210314019	2026-05-08T03:18:34.019Z	c5f3585a-9e8e-4264-b672-130f84d07859	INFO	Non-Airbnb sender — quarantined { fromAddress: 'jack@platform.mail.getzep.com' }

1778210314102	2026-05-08T03:18:34.102Z	c5f3585a-9e8e-4264-b672-130f84d07859	INFO	parse-airbnb-email complete { total: 1, processed: 0, quarantined: 1, skipped: 0, errors: 0 }

1778210314105	END RequestId: c5f3585a-9e8e-4264-b672-130f84d07859

1778210314105	REPORT RequestId: c5f3585a-9e8e-4264-b672-130f84d07859	Duration: 7452.04 ms	Billed Duration: 8100 ms	Memory Size: 256 MB	Max Memory Used: 130 MB	Init Duration: 647.39 ms	

