1778185019390	2026-05-07T20:16:59.390Z	6aa99aba-5028-4a5d-add4-8dea37f50129	INFO	Email parsed {
  subject: 'Reservation reminder: Yashira is coming soon!',
  fromAddress: 'automated@airbnb.com',
  fromName: 'Airbnb',
  receivedAt: '2026-05-07T20:16:52.000Z',
  rfcMessageId: '<E39Fo21VQii2CrdP_vm6xQ@geopod-ismtpd-49>',
  bodyLength: 6306
}

1778202200219	2026-05-08T01:03:20.219Z	c8665f15-3764-46f1-aa71-6324d51581a8	INFO	Email parsed {
  subject: 'RE: Reservation for Casa Coqui #1 Next to everything, May 5 – 13',
  fromAddress: 'express@airbnb.com',
  fromName: 'Airbnb',
  receivedAt: '2026-05-08T01:03:14.000Z',
  rfcMessageId: '<kKy1TZUqRGOmjbg2GONN5A@geopod-ismtpd-107>',
  bodyLength: 3215
}

1778203206518	2026-05-08T01:20:06.518Z	f710c21b-93d6-423d-843c-ebbafd564ada	INFO	Email parsed {
  subject: 'RE: Reservation for Casa Coqui #1 Next to everything, May 5 – 13',
  fromAddress: 'express@airbnb.com',
  fromName: 'Airbnb',
  receivedAt: '2026-05-08T01:20:00.000Z',
  rfcMessageId: '<TYBuYNm7QG6AP00be6tHrQ@geopod-ismtpd-48>',
  bodyLength: 3053
}

1778206896509	2026-05-08T02:21:36.509Z	6c0171e4-43b1-47b8-bbc1-393825d3bd2c	INFO	Email parsed {
  subject: 'RE: Reservation for Casa Coqui #1 Next to everything, May 5 – 13',
  fromAddress: 'express@airbnb.com',
  fromName: 'Airbnb',
  receivedAt: '2026-05-08T02:21:29.000Z',
  rfcMessageId: '<1QAI0oOgRKK3SYZxM3s1AQ@geopod-ismtpd-20>',
  bodyLength: 3055
}

