1778212879332	START RequestId: 41c2f802-73d4-4588-a306-be1cb537e898 Version: $LATEST

1778212879334	2026-05-08T04:01:19.334Z	41c2f802-73d4-4588-a306-be1cb537e898	INFO	parse-airbnb-email invoked {"recordCount":1}

1778212879352	2026-05-08T04:01:19.352Z	41c2f802-73d4-4588-a306-be1cb537e898	INFO	Processing record {
  sesMessageId: 'synth-smoke-tier-fallback-2026-05-08',
  bucketName: 'casa-coqui-inbound-email',
  objectKey: 'airbnb/synth-smoke-tier-fallback-2026-05-08'
}

1778212880011	2026-05-08T04:01:20.011Z	41c2f802-73d4-4588-a306-be1cb537e898	INFO	Email retrieved from S3 {
  sesMessageId: 'synth-smoke-tier-fallback-2026-05-08',
  objectKey: 'airbnb/synth-smoke-tier-fallback-2026-05-08',
  sizeBytes: 949
}

1778212880614	2026-05-08T04:01:20.614Z	41c2f802-73d4-4588-a306-be1cb537e898	INFO	Email parsed {
  subject: 'New message from Smoke TestBot',
  fromAddress: 'express@airbnb.com',
  fromName: 'Airbnb',
  receivedAt: '2026-05-08T03:55:00.000Z',
  rfcMessageId: '<synth-smoke-tier-fallback-2026-05-08@airbnb.com>',
  bodyLength: 645
}

1778212886756	2026-05-08T04:01:26.756Z	41c2f802-73d4-4588-a306-be1cb537e898	INFO	Email classified {
  messageType: 'guest_message',
  subject: 'New message from Smoke TestBot'
}

1778212886757	2026-05-08T04:01:26.757Z	41c2f802-73d4-4588-a306-be1cb537e898	INFO	Extracted fields { confirmationCode: null, guestName: 'Smoke TestBot' }

1778212886904	2026-05-08T04:01:26.904Z	41c2f802-73d4-4588-a306-be1cb537e898	WARN	No matching booking found — writing as unmatched { confirmationCode: null, guestName: 'Smoke TestBot' }

1778212886996	2026-05-08T04:01:26.996Z	41c2f802-73d4-4588-a306-be1cb537e898	INFO	Written unmatched guest_message to airbnb_messages

1778212887128	2026-05-08T04:01:27.128Z	41c2f802-73d4-4588-a306-be1cb537e898	INFO	parse-airbnb-email complete { total: 1, processed: 1, quarantined: 0, skipped: 0, errors: 0 }

1778212887131	END RequestId: 41c2f802-73d4-4588-a306-be1cb537e898

1778212887131	REPORT RequestId: 41c2f802-73d4-4588-a306-be1cb537e898	Duration: 7798.23 ms	Billed Duration: 8432 ms	Memory Size: 256 MB	Max Memory Used: 129 MB	Init Duration: 632.90 ms	

