Including dependency stacks: CasaCoquiFoundationStack

✨  Synthesis time: 6.22s

CasaCoquiFoundationStack
CasaCoquiFoundationStack: deploying... [1/2]
CasaCoquiEmailStack: start: Building d86789715eb9380c7569c33a2ff82323f686a501c3fe556a396f210b2183b2d7
CasaCoquiEmailStack: success: Built d86789715eb9380c7569c33a2ff82323f686a501c3fe556a396f210b2183b2d7
CasaCoquiEmailStack: start: Building c9d6eeacb1bb4ee74fbb1140c13e17e375a779ae2a68b4dd10ad334bf22464c2
CasaCoquiEmailStack: success: Built c9d6eeacb1bb4ee74fbb1140c13e17e375a779ae2a68b4dd10ad334bf22464c2
CasaCoquiFoundationStack: creating CloudFormation changeset...

 ✅  CasaCoquiFoundationStack (no changes)

✨  Deployment time: 3.27s

Outputs:
CasaCoquiFoundationStack.ArtifactBucketName = casacoquifoundationstack-artifactbucket7410c9ef-dylmy0p5mscz
CasaCoquiFoundationStack.CmkArn = arn:aws:kms:us-east-1:524140443248:key/3c534568-f0e6-4d38-b581-d862604669cb
CasaCoquiFoundationStack.CodeStarConnectionParamName = /casa-coqui/pipeline/codestar-connection-arn
CasaCoquiFoundationStack.ExportsOutputFnGetAttArtifactBucket7410C9EFArnA3946625 = arn:aws:s3:::casacoquifoundationstack-artifactbucket7410c9ef-dylmy0p5mscz
CasaCoquiFoundationStack.ExportsOutputFnGetAttPipelineCmk1CEA5849Arn6E312C36 = arn:aws:kms:us-east-1:524140443248:key/3c534568-f0e6-4d38-b581-d862604669cb
CasaCoquiFoundationStack.ExportsOutputRefArtifactBucket7410C9EF659B6D66 = casacoquifoundationstack-artifactbucket7410c9ef-dylmy0p5mscz
CasaCoquiFoundationStack.ExportsOutputRefPipelineNotificationsTopic827A419F28F071F4 = arn:aws:sns:us-east-1:524140443248:casa-coqui-pipeline-events
CasaCoquiFoundationStack.ExportsOutputRefPipelineSecretFF3B716372D7E9DB = arn:aws:secretsmanager:us-east-1:524140443248:secret:casa-coqui/pipeline-FNJvCt
CasaCoquiFoundationStack.NotificationsTopicArn = arn:aws:sns:us-east-1:524140443248:casa-coqui-pipeline-events
CasaCoquiFoundationStack.PipelineSecretArn = arn:aws:secretsmanager:us-east-1:524140443248:secret:casa-coqui/pipeline-FNJvCt
Stack ARN:
arn:aws:cloudformation:us-east-1:524140443248:stack/CasaCoquiFoundationStack/faee0f20-3613-11f1-bb04-0e238f217595

✨  Total time: 9.49s

CasaCoquiEmailStack: start: Publishing d86789715eb9380c7569c33a2ff82323f686a501c3fe556a396f210b2183b2d7:524140443248-us-east-1
CasaCoquiEmailStack: start: Publishing c9d6eeacb1bb4ee74fbb1140c13e17e375a779ae2a68b4dd10ad334bf22464c2:524140443248-us-east-1
CasaCoquiEmailStack: success: Published c9d6eeacb1bb4ee74fbb1140c13e17e375a779ae2a68b4dd10ad334bf22464c2:524140443248-us-east-1
CasaCoquiEmailStack: success: Published d86789715eb9380c7569c33a2ff82323f686a501c3fe556a396f210b2183b2d7:524140443248-us-east-1
CasaCoquiEmailStack
CasaCoquiEmailStack: deploying... [2/2]
CasaCoquiEmailStack: creating CloudFormation changeset...
CasaCoquiEmailStack | 0/6 | 12:07:31 AM | UPDATE_IN_PROGRESS   | AWS::CloudFormation::Stack | CasaCoquiEmailStack User Initiated
CasaCoquiEmailStack | 0/6 | 12:07:37 AM | UPDATE_IN_PROGRESS   | AWS::Lambda::Function      | ParseAirbnbEmailLambda (ParseAirbnbEmailLambdaE2EE3961) 
CasaCoquiEmailStack | 1/6 | 12:07:46 AM | UPDATE_COMPLETE      | AWS::Lambda::Function      | ParseAirbnbEmailLambda (ParseAirbnbEmailLambdaE2EE3961) 
CasaCoquiEmailStack | 2/6 | 12:07:49 AM | UPDATE_COMPLETE_CLEA | AWS::CloudFormation::Stack | CasaCoquiEmailStack 
CasaCoquiEmailStack | 3/6 | 12:07:50 AM | UPDATE_COMPLETE      | AWS::CloudFormation::Stack | CasaCoquiEmailStack 

 ✅  CasaCoquiEmailStack

✨  Deployment time: 35s

Outputs:
CasaCoquiEmailStack.EmailBucketArn = arn:aws:s3:::casa-coqui-inbound-email
CasaCoquiEmailStack.EmailBucketName = casa-coqui-inbound-email
CasaCoquiEmailStack.FirebaseSecretArn = arn:aws:secretsmanager:us-east-1:524140443248:secret:casa-coqui/firebase-service-account
CasaCoquiEmailStack.InboundDomain = inbox.casa-coqui.cc
CasaCoquiEmailStack.ParseLambdaArn = arn:aws:lambda:us-east-1:524140443248:function:casa-coqui-parse-airbnb-email
CasaCoquiEmailStack.ParseLambdaName = casa-coqui-parse-airbnb-email
CasaCoquiEmailStack.ReceiptRuleSetName = casa-coqui-inbound
Stack ARN:
arn:aws:cloudformation:us-east-1:524140443248:stack/CasaCoquiEmailStack/300e12b0-386f-11f1-a6b8-0e4abad2f8dd

✨  Total time: 41.22s

