1778213319910	START RequestId: b871f82a-9b90-4b78-be96-5ee501180ef6 Version: $LATEST

1778213319911	2026-05-08T04:08:39.911Z	b871f82a-9b90-4b78-be96-5ee501180ef6	INFO	parse-airbnb-email invoked {"recordCount":1}

1778213319911	2026-05-08T04:08:39.911Z	b871f82a-9b90-4b78-be96-5ee501180ef6	INFO	Processing record {
  sesMessageId: 'synth-smoke-tier-fallback-v2-2026-05-08',
  bucketName: 'casa-coqui-inbound-email',
  objectKey: 'airbnb/synth-smoke-tier-fallback-v2-2026-05-08'
}

1778213320041	2026-05-08T04:08:40.041Z	b871f82a-9b90-4b78-be96-5ee501180ef6	INFO	Email retrieved from S3 {
  sesMessageId: 'synth-smoke-tier-fallback-v2-2026-05-08',
  objectKey: 'airbnb/synth-smoke-tier-fallback-v2-2026-05-08',
  sizeBytes: 732
}

1778213320096	2026-05-08T04:08:40.096Z	b871f82a-9b90-4b78-be96-5ee501180ef6	INFO	Email parsed {
  subject: 'New message from Smoke TestBot V2',
  fromAddress: 'express@airbnb.com',
  fromName: 'Airbnb',
  receivedAt: '2026-05-08T04:10:00.000Z',
  rfcMessageId: '<synth-smoke-tier-fallback-v2-2026-05-08@airbnb.com>',
  bodyLength: 424
}

1778213320454	2026-05-08T04:08:40.454Z	b871f82a-9b90-4b78-be96-5ee501180ef6	INFO	Email classified {
  messageType: 'guest_message',
  subject: 'New message from Smoke TestBot V2'
}

1778213320474	2026-05-08T04:08:40.474Z	b871f82a-9b90-4b78-be96-5ee501180ef6	INFO	Extracted fields { confirmationCode: null, guestName: 'Smoke TestBot V2' }

1778213320569	2026-05-08T04:08:40.569Z	b871f82a-9b90-4b78-be96-5ee501180ef6	WARN	No matching booking found — writing as unmatched { confirmationCode: null, guestName: 'Smoke TestBot V2' }

1778213320638	2026-05-08T04:08:40.638Z	b871f82a-9b90-4b78-be96-5ee501180ef6	INFO	Written unmatched guest_message to airbnb_messages

1778213320738	2026-05-08T04:08:40.738Z	b871f82a-9b90-4b78-be96-5ee501180ef6	INFO	parse-airbnb-email complete { total: 1, processed: 1, quarantined: 0, skipped: 0, errors: 0 }

1778213320739	END RequestId: b871f82a-9b90-4b78-be96-5ee501180ef6

1778213320739	REPORT RequestId: b871f82a-9b90-4b78-be96-5ee501180ef6	Duration: 828.57 ms	Billed Duration: 829 ms	Memory Size: 256 MB	Max Memory Used: 128 MB	

