(node:23897) [DEP0040] DeprecationWarning: The `punycode` module is deprecated. Please use a userland alternative instead.
(Use `node --trace-deprecation ...` to show where the warning was created)
[
  {
    "docId": "NqsHflGSlzgcF6Xsx3Hi",
    "threadKey": "email:express@airbnb.com",
    "bookingId": null,
    "airbnbConfirmationCode": null,
    "direction": "inbound",
    "guestName": "Smoke TestBot",
    "fromAddress": "express@airbnb.com",
    "subject": "New message from Smoke TestBot",
    "draftStatus": "escalated",
    "receivedAt": "2026-05-08T03:55:00.000Z",
    "rawEmailS3Key": "airbnb/synth-smoke-tier-fallback-2026-05-08"
  },
  {
    "docId": "vUwlb3ipD2fOS4QpE2l8",
    "threadKey": "name:smoke-testbot-v2|y:2026",
    "bookingId": null,
    "airbnbConfirmationCode": null,
    "direction": "inbound",
    "guestName": "Smoke TestBot V2",
    "fromAddress": "express@airbnb.com",
    "subject": "New message from Smoke TestBot V2",
    "draftStatus": "ready",
    "receivedAt": "2026-05-08T04:10:00.000Z",
    "rawEmailS3Key": "airbnb/synth-smoke-tier-fallback-v2-2026-05-08"
  }
]
