Including dependency stacks: CasaCoquiFoundationStack

✨  Synthesis time: 4.49s

CasaCoquiFoundationStack
CasaCoquiFoundationStack: deploying... [1/2]
CasaCoquiEmailStack: start: Building de02c23e5354585c970e9cad621bfe5494cf43132f2d612afcf507284bc0fa16
CasaCoquiEmailStack: success: Built de02c23e5354585c970e9cad621bfe5494cf43132f2d612afcf507284bc0fa16
CasaCoquiFoundationStack: creating CloudFormation changeset...

 ✅  CasaCoquiFoundationStack (no changes)

✨  Deployment time: 2.67s

Outputs:
CasaCoquiFoundationStack.ArtifactBucketName = casacoquifoundationstack-artifactbucket7410c9ef-dylmy0p5mscz
CasaCoquiFoundationStack.CmkArn = arn:aws:kms:us-east-1:524140443248:key/3c534568-f0e6-4d38-b581-d862604669cb
CasaCoquiFoundationStack.CodeStarConnectionParamName = /casa-coqui/pipeline/codestar-connection-arn
CasaCoquiFoundationStack.ExportsOutputFnGetAttArtifactBucket7410C9EFArnA3946625 = arn:aws:s3:::casacoquifoundationstack-artifactbucket7410c9ef-dylmy0p5mscz
CasaCoquiFoundationStack.ExportsOutputFnGetAttPipelineCmk1CEA5849Arn6E312C36 = arn:aws:kms:us-east-1:524140443248:key/3c534568-f0e6-4d38-b581-d862604669cb
CasaCoquiFoundationStack.ExportsOutputRefArtifactBucket7410C9EF659B6D66 = casacoquifoundationstack-artifactbucket7410c9ef-dylmy0p5mscz
CasaCoquiFoundationStack.ExportsOutputRefPipelineNotificationsTopic827A419F28F071F4 = arn:aws:sns:us-east-1:524140443248:casa-coqui-pipeline-events
CasaCoquiFoundationStack.ExportsOutputRefPipelineSecretFF3B716372D7E9DB = arn:aws:secretsmanager:us-east-1:524140443248:secret:casa-coqui/pipeline-FNJvCt
CasaCoquiFoundationStack.NotificationsTopicArn = arn:aws:sns:us-east-1:524140443248:casa-coqui-pipeline-events
CasaCoquiFoundationStack.PipelineSecretArn = arn:aws:secretsmanager:us-east-1:524140443248:secret:casa-coqui/pipeline-FNJvCt
Stack ARN:
arn:aws:cloudformation:us-east-1:524140443248:stack/CasaCoquiFoundationStack/faee0f20-3613-11f1-bb04-0e238f217595

✨  Total time: 7.16s

CasaCoquiEmailStack: start: Publishing de02c23e5354585c970e9cad621bfe5494cf43132f2d612afcf507284bc0fa16:524140443248-us-east-1
CasaCoquiEmailStack: success: Published de02c23e5354585c970e9cad621bfe5494cf43132f2d612afcf507284bc0fa16:524140443248-us-east-1
CasaCoquiEmailStack
CasaCoquiEmailStack: deploying... [2/2]
CasaCoquiEmailStack: creating CloudFormation changeset...
CasaCoquiEmailStack | 0/6 | 4:01:44 PM | UPDATE_IN_PROGRESS   | AWS::CloudFormation::Stack | CasaCoquiEmailStack User Initiated
CasaCoquiEmailStack | 0/6 | 4:01:49 PM | UPDATE_IN_PROGRESS   | AWS::Lambda::Function      | ParseAirbnbEmailLambda (ParseAirbnbEmailLambdaE2EE3961) 
CasaCoquiEmailStack | 1/6 | 4:01:59 PM | UPDATE_COMPLETE      | AWS::Lambda::Function      | ParseAirbnbEmailLambda (ParseAirbnbEmailLambdaE2EE3961) 
CasaCoquiEmailStack | 2/6 | 4:02:02 PM | UPDATE_COMPLETE_CLEA | AWS::CloudFormation::Stack | CasaCoquiEmailStack 
CasaCoquiEmailStack | 3/6 | 4:02:03 PM | UPDATE_COMPLETE      | AWS::CloudFormation::Stack | CasaCoquiEmailStack 

 ✅  CasaCoquiEmailStack

✨  Deployment time: 35.03s

Outputs:
CasaCoquiEmailStack.EmailBucketArn = arn:aws:s3:::casa-coqui-inbound-email
CasaCoquiEmailStack.EmailBucketName = casa-coqui-inbound-email
CasaCoquiEmailStack.FirebaseSecretArn = arn:aws:secretsmanager:us-east-1:524140443248:secret:casa-coqui/firebase-service-account
CasaCoquiEmailStack.InboundDomain = inbox.casa-coqui.cc
CasaCoquiEmailStack.ParseLambdaArn = arn:aws:lambda:us-east-1:524140443248:function:casa-coqui-parse-airbnb-email
CasaCoquiEmailStack.ParseLambdaName = casa-coqui-parse-airbnb-email
CasaCoquiEmailStack.ReceiptRuleSetName = casa-coqui-inbound
Stack ARN:
arn:aws:cloudformation:us-east-1:524140443248:stack/CasaCoquiEmailStack/300e12b0-386f-11f1-a6b8-0e4abad2f8dd

✨  Total time: 39.52s

