(node:56400) [DEP0040] DeprecationWarning: The `punycode` module is deprecated. Please use a userland alternative instead.
(Use `node --trace-deprecation ...` to show where the warning was created)
{
  "parent": {
    "docId": "8AY8FZ9pBo6NUUS7jfDh",
    "inReplyTo": null,
    "references": [],
    "replyToId": null,
    "messageId": "<synth-item4-parent-2026-05-08@airbnb.com>",
    "threadKey": "name:headers-parent|y:2026"
  },
  "child": {
    "docId": "92TXQjdsxPRKdG0ypWWL",
    "inReplyTo": "<synth-item4-parent-2026-05-08@airbnb.com>",
    "references": [
      "<synth-item4-parent-2026-05-08@airbnb.com>"
    ],
    "replyToId": "8AY8FZ9pBo6NUUS7jfDh",
    "messageId": "<synth-item4-child-2026-05-08@airbnb.com>",
    "threadKey": "name:headers-child|y:2026"
  },
  "checks": {
    "parent_inReplyTo_is_null": true,
    "parent_references_is_empty_array": true,
    "parent_replyToId_is_null": true,
    "child_inReplyTo_set": true,
    "child_references_has_parent": true,
    "child_replyToId_resolves_to_parent": true
  },
  "allPass": true
}
