(node:65024) [DEP0040] DeprecationWarning: The `punycode` module is deprecated. Please use a userland alternative instead.
(Use `node --trace-deprecation ...` to show where the warning was created)
{
  "found": 5,
  "candidates": [
    {
      "docId": "K08sHp6HOBeKcttllMU1",
      "guestName": "Airbnb",
      "subject": "RE: Reservation for Casa Coqui #1 Next to everything, May 5 – 13",
      "draftStatus": "ready",
      "threadKey": "email:express@airbnb.com",
      "bookingId": null,
      "receivedAt": "2026-05-08T02:21:29.000Z",
      "hasDraftReply": true,
      "draftPreview": "Hi Jaydon, no problem at all. Thanks and enjoy your stay!"
    },
    {
      "docId": "TQTPeZKmnp0zfVDLyw8W",
      "guestName": "Airbnb",
      "subject": "RE: Reservation for Casa Coqui #1 Next to everything, May 5 – 13",
      "draftStatus": "ready",
      "threadKey": "email:express@airbnb.com",
      "bookingId": null,
      "receivedAt": "2026-05-08T01:20:00.000Z",
      "hasDraftReply": true,
      "draftPreview": "Hi Jaydon, thank you 🙏🏼"
    },
    {
      "docId": "nfmJOFetL3vsLeXKP6FG",
      "guestName": "Airbnb",
      "subject": "RE: Reservation for Casa Coqui #1 Next to everything, May 5 – 13",
      "draftStatus": "ready",
      "threadKey": "email:express@airbnb.com",
      "bookingId": null,
      "receivedAt": "2026-05-08T01:03:14.000Z",
      "hasDraftReply": true,
      "draftPreview": "Hi Jaydon, sorry to hear about her back! For sunburn, ibuprofen helps with the pain and keep drinkin"
    },
    {
      "docId": "jhXiZpHQv6mik0CSSPHl",
      "guestName": "Airbnb",
      "subject": "RE: Reservation for Casa Coqui #1 Next to everything, May 5 – 13",
      "draftStatus": "ready",
      "threadKey": "email:express@airbnb.com",
      "bookingId": null,
      "receivedAt": "2026-05-05T01:45:28.000Z",
      "hasDraftReply": true,
      "draftPreview": "Hi Jaydon, perfect! We're excited to have you May 5-13. Just want to make sure — are you all set wit"
    },
    {
      "docId": "5P1T4GLvf1h9oA6WEIUk",
      "guestName": "Airbnb",
      "subject": "RE: Reservation for Casa Coqui #1 Next to everything, May 5 – 13",
      "draftStatus": "ready",
      "threadKey": "subject:reservation for casa coqui #1 next to everything, may 5 – 13",
      "bookingId": null,
      "receivedAt": "2026-05-05T00:13:46.000Z",
      "hasDraftReply": true,
      "draftPreview": "Hi Jaydon, yes we have a hair dryer in the bathroom for you. And that sounds great that you will hav"
    }
  ]
}
