[1/6] Creating synthetic inbound doc...
(node:67719) [DEP0040] DeprecationWarning: The `punycode` module is deprecated. Please use a userland alternative instead.
(Use `node --trace-deprecation ...` to show where the warning was created)
      synthetic inbound id=KpQfCOT431tR3xBuiq8g
[2/6] Minting admin token...
      uid=2C3HoZPTKybPoJTEEymkV895z7m2 email=admin@casacoqui.com
[3/6] Exchanging for ID token...
      ID token len=962
[4/6] POST https://www.casa-coqui.cc/api/airbnb-messages/KpQfCOT431tR3xBuiq8g/mark-sent
      HTTP 200
      response: {"success":true,"outboundId":"BUC6jmGA9UuowiliNM7Z"}
[5/6] Verifying doc shapes...
{
  "checks": {
    "api_returned_outboundId": true,
    "inbound_flipped_to_sent": true,
    "inbound_editedReply_set": true,
    "outbound_direction_correct": true,
    "outbound_status_sent": true,
    "outbound_threadKey_matches": true,
    "outbound_body_correct": true,
    "outbound_inboundMessageId_set": true,
    "outbound_source_correct": true
  },
  "allPass": true
}
[6/6] Cleaning up synthetic docs...
      cleanup: 2 airbnb_messages, 0 agent_runs, 0 staff_notifications
